#-----------------------------------------------------------
# Vivado v2024.1.2 (64-bit)
# SW Build 5164865 on Thu Sep  5 14:37:11 MDT 2024
# IP Build 5164407 on Fri Sep  6 08:18:11 MDT 2024
# SharedData Build 5164864 on Thu Sep 05 13:09:09 MDT 2024
# Start of session at: Sun Mar 16 19:33:04 2025
# Process ID: 1436
# Current directory: E:/TKVM/RISC_CPU_8bit/project_1/project_1.runs/synth_1
# Command line: vivado.exe -log RISC_CPU_8b.vds -product Vivado -mode batch -messageDb vivado.pb -notrace -source RISC_CPU_8b.tcl
# Log file: E:/TKVM/RISC_CPU_8bit/project_1/project_1.runs/synth_1/RISC_CPU_8b.vds
# Journal file: E:/TKVM/RISC_CPU_8bit/project_1/project_1.runs/synth_1\vivado.jou
# Running On        :LEPHUCUONG-6A1
# Platform          :Windows Server 2016 or Windows 10
# Operating System  :26100
# Processor Detail  :11th Gen Intel(R) Core(TM) i5-1135G7 @ 2.40GHz
# CPU Frequency     :2419 MHz
# CPU Physical cores:4
# CPU Logical cores :8
# Host memory       :8269 MB
# Swap memory       :10034 MB
# Total Virtual     :18303 MB
# Available Virtual :1628 MB
#-----------------------------------------------------------
source RISC_CPU_8b.tcl -notrace
